[OK] /machine/status
[OK] /inventory/alerts
[OK] /ai/delay
[OK] /ai/efficiency
[OK] /ai/maintenance
[OK] /ai/quality
[OK] /ai/safety
[OK] /ai/maintenance-score
[OK] /ai/anomaly
[OK] /ai/reliability
[OK] /ai/digital-maturity
[OK] /ai/benchmark
[OK] /ai/power
[OK] /ai/workforce
[OK] /ai/yarn-price
[OK] /ai/subcontractor
[OK] /ai/seasonal-demand
[OK] /ai/export-score
[OK] /ai/cluster
[OK] /ai/esg
[OK] /ai/water
[OK] /ai/waste
[OK] /ai/heatwave
[OK] /ai/cost-optimization
[OK] /ai/credit-risk
[OK] /ai/profit
[OK] /ai/buyer-risk
[OK] /ai/gov-schemes
[OK] /ai/textile-metrics
[OK] /ai/textile-flow
[OK] /ai/yarn-optimize
[OK] /ai/labor-skill
[OK] /ai/predict-downtime
[OK] /ai/optimize-workflow
[OK] /ai/executive-summary
[OK] /ai/recommendations
